
 Starting FDS ...

 MPI Process     13 started on sd06n01
 MPI Process     15 started on sd06n01
 MPI Process     17 started on sd06n01
 MPI Process     19 started on sd06n01
 MPI Process     21 started on sd06n01
 MPI Process      1 started on sd06n01
 MPI Process      7 started on sd06n01
 MPI Process      5 started on sd06n01
 MPI Process     11 started on sd06n01
 MPI Process      3 started on sd06n01
 MPI Process      9 started on sd06n01
 MPI Process      0 started on sd06n01
 MPI Process      8 started on sd06n01
 MPI Process      2 started on sd06n01
 MPI Process      6 started on sd06n01
 MPI Process     10 started on sd06n01
 MPI Process     14 started on sd06n01
 MPI Process     16 started on sd06n01
 MPI Process      4 started on sd06n01
 MPI Process     12 started on sd06n01
 MPI Process     18 started on sd06n01
 MPI Process     20 started on sd06n01

 Reading FDS input file ...


 Fire Dynamics Simulator

 Current Date     : July 29, 2026  22:47:12
 Revision         : FDS-6.9.1-0-g889da6a-release
 Revision Date    : Sun Apr 7 17:05:06 2024 -0400
 Compiler         : Intel(R) Fortran Intel(R) 64 Compiler Classic for applications running on Intel(R) 64, Version 2021.7.1 Build 20221019_000000
 Compilation Date : Apr 09, 2024 13:24:51

 Number of MPI Processes:  22

 MPI version: 3.1
 MPI library version: Intel(R) MPI Library 2021.6 for Linux* OS


 Job TITLE        : [grid_mid_crit] 中功率临界风 · 中网格(0.25m) [纳入68组DB; = 基准模型]
 Job ID string    : gsB_m

 Time Step:       1, Simulation Time:      0.18 s
 Time Step:       2, Simulation Time:      0.36 s
 Time Step:       3, Simulation Time:      0.54 s
 Time Step:       4, Simulation Time:      0.71 s
 Time Step:       5, Simulation Time:      0.89 s
 Time Step:       6, Simulation Time:      1.07 s
 Time Step:       7, Simulation Time:      1.25 s
 Time Step:       8, Simulation Time:      1.36 s
 Time Step:       9, Simulation Time:      1.46 s
 Time Step:      10, Simulation Time:      1.55 s
 Time Step:      20, Simulation Time:      2.14 s
 Time Step:      30, Simulation Time:      2.50 s
 Time Step:      40, Simulation Time:      2.79 s
 Time Step:      50, Simulation Time:      3.05 s
 Time Step:      60, Simulation Time:      3.29 s
 Time Step:      70, Simulation Time:      3.52 s
 Time Step:      80, Simulation Time:      3.72 s
 Time Step:      90, Simulation Time:      3.87 s
 Time Step:     100, Simulation Time:      4.02 s
 Time Step:     200, Simulation Time:      4.97 s
 Time Step:     300, Simulation Time:      5.77 s
 Time Step:     400, Simulation Time:      6.74 s
 Time Step:     500, Simulation Time:      7.51 s
 Time Step:     600, Simulation Time:      8.47 s
 Time Step:     700, Simulation Time:      9.36 s
 Time Step:     800, Simulation Time:     10.24 s
 Time Step:     900, Simulation Time:     11.27 s
 Time Step:    1000, Simulation Time:     12.20 s
 Time Step:    1100, Simulation Time:     13.22 s
 Time Step:    1200, Simulation Time:     14.10 s
 Time Step:    1300, Simulation Time:     15.12 s
 Time Step:    1400, Simulation Time:     15.92 s
 Time Step:    1500, Simulation Time:     16.91 s
 Time Step:    1600, Simulation Time:     17.74 s
 Time Step:    1700, Simulation Time:     18.63 s
 Time Step:    1800, Simulation Time:     19.54 s
 Time Step:    1900, Simulation Time:     20.37 s
 Time Step:    2000, Simulation Time:     21.31 s
 Time Step:    2100, Simulation Time:     22.08 s
 Time Step:    2200, Simulation Time:     23.01 s
 Time Step:    2300, Simulation Time:     23.86 s
 Time Step:    2400, Simulation Time:     24.77 s
 Time Step:    2500, Simulation Time:     25.72 s
 Time Step:    2600, Simulation Time:     26.54 s
 Time Step:    2700, Simulation Time:     27.45 s
 Time Step:    2800, Simulation Time:     28.26 s
 Time Step:    2900, Simulation Time:     29.18 s
 Time Step:    3000, Simulation Time:     30.00 s
 Time Step:    3100, Simulation Time:     30.82 s
 Time Step:    3200, Simulation Time:     31.72 s
 Time Step:    3300, Simulation Time:     32.54 s
 Time Step:    3400, Simulation Time:     33.57 s
 Time Step:    3500, Simulation Time:     34.46 s
 Time Step:    3600, Simulation Time:     35.31 s
 Time Step:    3700, Simulation Time:     36.27 s
 Time Step:    3800, Simulation Time:     37.10 s
 Time Step:    3900, Simulation Time:     38.05 s
 Time Step:    4000, Simulation Time:     38.88 s
 Time Step:    4100, Simulation Time:     39.68 s
 Time Step:    4200, Simulation Time:     40.57 s
 Time Step:    4300, Simulation Time:     41.37 s
 Time Step:    4400, Simulation Time:     42.29 s
 Time Step:    4500, Simulation Time:     43.11 s
 Time Step:    4600, Simulation Time:     43.95 s
 Time Step:    4700, Simulation Time:     44.85 s
 Time Step:    4800, Simulation Time:     45.64 s
 Time Step:    4900, Simulation Time:     46.43 s
 Time Step:    5000, Simulation Time:     47.29 s
 Time Step:    5100, Simulation Time:     48.16 s
 Time Step:    5200, Simulation Time:     49.00 s
 Time Step:    5300, Simulation Time:     49.86 s
 Time Step:    5400, Simulation Time:     50.71 s
 Time Step:    5500, Simulation Time:     51.58 s
 Time Step:    5600, Simulation Time:     52.45 s
 Time Step:    5700, Simulation Time:     53.35 s
 Time Step:    5800, Simulation Time:     54.17 s
 Time Step:    5900, Simulation Time:     54.98 s
 Time Step:    6000, Simulation Time:     55.83 s
 Time Step:    6100, Simulation Time:     56.67 s
 Time Step:    6200, Simulation Time:     57.50 s
 Time Step:    6300, Simulation Time:     58.34 s
 Time Step:    6400, Simulation Time:     59.22 s
 Time Step:    6500, Simulation Time:     60.08 s
 Time Step:    6600, Simulation Time:     60.93 s
 Time Step:    6700, Simulation Time:     61.78 s
 Time Step:    6800, Simulation Time:     62.59 s
 Time Step:    6900, Simulation Time:     63.50 s
 Time Step:    7000, Simulation Time:     64.36 s
 Time Step:    7100, Simulation Time:     65.26 s
 Time Step:    7200, Simulation Time:     66.20 s
 Time Step:    7300, Simulation Time:     67.12 s
 Time Step:    7400, Simulation Time:     68.01 s
 Time Step:    7500, Simulation Time:     68.84 s
 Time Step:    7600, Simulation Time:     69.72 s
 Time Step:    7700, Simulation Time:     70.60 s
 Time Step:    7800, Simulation Time:     71.45 s
 Time Step:    7900, Simulation Time:     72.26 s
 Time Step:    8000, Simulation Time:     73.12 s
 Time Step:    8100, Simulation Time:     73.99 s
 Time Step:    8200, Simulation Time:     74.80 s
 Time Step:    8300, Simulation Time:     75.70 s
 Time Step:    8400, Simulation Time:     76.56 s
 Time Step:    8500, Simulation Time:     77.43 s
 Time Step:    8600, Simulation Time:     78.26 s
 Time Step:    8700, Simulation Time:     79.14 s
 Time Step:    8800, Simulation Time:     79.98 s
 Time Step:    8900, Simulation Time:     80.77 s
 Time Step:    9000, Simulation Time:     81.67 s
 Time Step:    9100, Simulation Time:     82.53 s
 Time Step:    9200, Simulation Time:     83.42 s
 Time Step:    9300, Simulation Time:     84.33 s
 Time Step:    9400, Simulation Time:     85.19 s
 Time Step:    9500, Simulation Time:     85.99 s
 Time Step:    9600, Simulation Time:     86.91 s
 Time Step:    9700, Simulation Time:     87.71 s
 Time Step:    9800, Simulation Time:     88.53 s
 Time Step:    9900, Simulation Time:     89.41 s
 Time Step:   10000, Simulation Time:     90.20 s
 Time Step:   10100, Simulation Time:     91.06 s
 Time Step:   10200, Simulation Time:     91.94 s
 Time Step:   10300, Simulation Time:     92.81 s
 Time Step:   10400, Simulation Time:     93.73 s
 Time Step:   10500, Simulation Time:     94.61 s
 Time Step:   10600, Simulation Time:     95.43 s
 Time Step:   10700, Simulation Time:     96.32 s
 Time Step:   10800, Simulation Time:     97.18 s
 Time Step:   10900, Simulation Time:     98.03 s
 Time Step:   11000, Simulation Time:     98.96 s
 Time Step:   11100, Simulation Time:     99.81 s
 Time Step:   11200, Simulation Time:    100.72 s
 Time Step:   11300, Simulation Time:    101.58 s
 Time Step:   11400, Simulation Time:    102.36 s
 Time Step:   11500, Simulation Time:    103.25 s
 Time Step:   11600, Simulation Time:    104.08 s
 Time Step:   11700, Simulation Time:    104.89 s
 Time Step:   11800, Simulation Time:    105.81 s
 Time Step:   11900, Simulation Time:    106.72 s
 Time Step:   12000, Simulation Time:    107.61 s
 Time Step:   12100, Simulation Time:    108.54 s
 Time Step:   12200, Simulation Time:    109.33 s
 Time Step:   12300, Simulation Time:    110.18 s
 Time Step:   12400, Simulation Time:    111.07 s
 Time Step:   12500, Simulation Time:    111.90 s
 Time Step:   12600, Simulation Time:    112.79 s
 Time Step:   12700, Simulation Time:    113.65 s
 Time Step:   12800, Simulation Time:    114.50 s
 Time Step:   12900, Simulation Time:    115.43 s
 Time Step:   13000, Simulation Time:    116.29 s
 Time Step:   13100, Simulation Time:    117.15 s
 Time Step:   13200, Simulation Time:    118.07 s
 Time Step:   13300, Simulation Time:    118.87 s
 Time Step:   13400, Simulation Time:    119.73 s
 Time Step:   13500, Simulation Time:    120.62 s
 Time Step:   13600, Simulation Time:    121.43 s
 Time Step:   13700, Simulation Time:    122.32 s
 Time Step:   13800, Simulation Time:    123.19 s
 Time Step:   13900, Simulation Time:    124.09 s
 Time Step:   14000, Simulation Time:    124.96 s
 Time Step:   14100, Simulation Time:    125.78 s
 Time Step:   14200, Simulation Time:    126.65 s
 Time Step:   14300, Simulation Time:    127.49 s
 Time Step:   14400, Simulation Time:    128.32 s
 Time Step:   14500, Simulation Time:    129.25 s
 Time Step:   14600, Simulation Time:    130.12 s
 Time Step:   14700, Simulation Time:    131.03 s
 Time Step:   14800, Simulation Time:    131.89 s
 Time Step:   14900, Simulation Time:    132.78 s
 Time Step:   15000, Simulation Time:    133.63 s
 Time Step:   15100, Simulation Time:    134.46 s
 Time Step:   15200, Simulation Time:    135.35 s
 Time Step:   15300, Simulation Time:    136.21 s
 Time Step:   15400, Simulation Time:    137.08 s
 Time Step:   15500, Simulation Time:    138.01 s
 Time Step:   15600, Simulation Time:    138.85 s
 Time Step:   15700, Simulation Time:    139.68 s
 Time Step:   15800, Simulation Time:    140.48 s
 Time Step:   15900, Simulation Time:    141.37 s
 Time Step:   16000, Simulation Time:    142.20 s
 Time Step:   16100, Simulation Time:    142.97 s
 Time Step:   16200, Simulation Time:    143.78 s
 Time Step:   16300, Simulation Time:    144.65 s
 Time Step:   16400, Simulation Time:    145.48 s
 Time Step:   16500, Simulation Time:    146.32 s
 Time Step:   16600, Simulation Time:    147.22 s
 Time Step:   16700, Simulation Time:    148.04 s
 Time Step:   16800, Simulation Time:    148.94 s
 Time Step:   16900, Simulation Time:    149.77 s
 Time Step:   17000, Simulation Time:    150.65 s
 Time Step:   17100, Simulation Time:    151.43 s
 Time Step:   17200, Simulation Time:    152.25 s
 Time Step:   17300, Simulation Time:    153.10 s
 Time Step:   17400, Simulation Time:    153.97 s
 Time Step:   17500, Simulation Time:    154.83 s
 Time Step:   17600, Simulation Time:    155.63 s
 Time Step:   17700, Simulation Time:    156.50 s
 Time Step:   17800, Simulation Time:    157.37 s
 Time Step:   17900, Simulation Time:    158.22 s
 Time Step:   18000, Simulation Time:    159.11 s
 Time Step:   18100, Simulation Time:    159.94 s
 Time Step:   18200, Simulation Time:    160.80 s
 Time Step:   18300, Simulation Time:    161.70 s
 Time Step:   18400, Simulation Time:    162.53 s
 Time Step:   18500, Simulation Time:    163.34 s
 Time Step:   18600, Simulation Time:    164.25 s
 Time Step:   18700, Simulation Time:    165.07 s
 Time Step:   18800, Simulation Time:    166.01 s
 Time Step:   18900, Simulation Time:    166.87 s
 Time Step:   19000, Simulation Time:    167.70 s
 Time Step:   19100, Simulation Time:    168.55 s
 Time Step:   19200, Simulation Time:    169.49 s
 Time Step:   19300, Simulation Time:    170.35 s
 Time Step:   19400, Simulation Time:    171.30 s
 Time Step:   19500, Simulation Time:    172.11 s
 Time Step:   19600, Simulation Time:    172.95 s
 Time Step:   19700, Simulation Time:    173.81 s
 Time Step:   19800, Simulation Time:    174.59 s
 Time Step:   19900, Simulation Time:    175.41 s
 Time Step:   20000, Simulation Time:    176.28 s
 Time Step:   20100, Simulation Time:    177.11 s
 Time Step:   20200, Simulation Time:    177.97 s
 Time Step:   20300, Simulation Time:    178.88 s
 Time Step:   20400, Simulation Time:    179.74 s
 Time Step:   20500, Simulation Time:    180.61 s
 Time Step:   20600, Simulation Time:    181.44 s
 Time Step:   20700, Simulation Time:    182.21 s
 Time Step:   20800, Simulation Time:    183.10 s
 Time Step:   20900, Simulation Time:    183.98 s
 Time Step:   21000, Simulation Time:    184.80 s
 Time Step:   21100, Simulation Time:    185.70 s
 Time Step:   21200, Simulation Time:    186.53 s
 Time Step:   21300, Simulation Time:    187.36 s
 Time Step:   21400, Simulation Time:    188.26 s
 Time Step:   21500, Simulation Time:    189.05 s
 Time Step:   21600, Simulation Time:    189.86 s
 Time Step:   21700, Simulation Time:    190.73 s
 Time Step:   21800, Simulation Time:    191.62 s
 Time Step:   21900, Simulation Time:    192.49 s
 Time Step:   22000, Simulation Time:    193.31 s
 Time Step:   22100, Simulation Time:    194.18 s
 Time Step:   22200, Simulation Time:    195.05 s
 Time Step:   22300, Simulation Time:    195.85 s
 Time Step:   22400, Simulation Time:    196.74 s
 Time Step:   22500, Simulation Time:    197.66 s
 Time Step:   22600, Simulation Time:    198.53 s
 Time Step:   22700, Simulation Time:    199.38 s
 Time Step:   22800, Simulation Time:    200.20 s
 Time Step:   22900, Simulation Time:    200.99 s
 Time Step:   23000, Simulation Time:    201.77 s
 Time Step:   23100, Simulation Time:    202.61 s
 Time Step:   23200, Simulation Time:    203.47 s
 Time Step:   23300, Simulation Time:    204.33 s
 Time Step:   23400, Simulation Time:    205.21 s
 Time Step:   23500, Simulation Time:    206.06 s
 Time Step:   23600, Simulation Time:    206.99 s
 Time Step:   23700, Simulation Time:    207.92 s
 Time Step:   23800, Simulation Time:    208.82 s
 Time Step:   23900, Simulation Time:    209.76 s
 Time Step:   24000, Simulation Time:    210.56 s
 Time Step:   24100, Simulation Time:    211.39 s
 Time Step:   24200, Simulation Time:    212.25 s
 Time Step:   24300, Simulation Time:    213.04 s
 Time Step:   24400, Simulation Time:    213.87 s
 Time Step:   24500, Simulation Time:    214.71 s
 Time Step:   24600, Simulation Time:    215.65 s
 Time Step:   24700, Simulation Time:    216.48 s
 Time Step:   24800, Simulation Time:    217.40 s
 Time Step:   24900, Simulation Time:    218.31 s
 Time Step:   25000, Simulation Time:    219.19 s
 Time Step:   25100, Simulation Time:    220.11 s
 Time Step:   25200, Simulation Time:    220.95 s
 Time Step:   25300, Simulation Time:    221.82 s
 Time Step:   25400, Simulation Time:    222.71 s
 Time Step:   25500, Simulation Time:    223.55 s
 Time Step:   25600, Simulation Time:    224.43 s
 Time Step:   25700, Simulation Time:    225.33 s
 Time Step:   25800, Simulation Time:    226.20 s
 Time Step:   25900, Simulation Time:    227.05 s
 Time Step:   26000, Simulation Time:    227.86 s
 Time Step:   26100, Simulation Time:    228.71 s
 Time Step:   26200, Simulation Time:    229.60 s
 Time Step:   26300, Simulation Time:    230.47 s
 Time Step:   26400, Simulation Time:    231.32 s
 Time Step:   26500, Simulation Time:    232.20 s
 Time Step:   26600, Simulation Time:    233.11 s
 Time Step:   26700, Simulation Time:    233.96 s
 Time Step:   26800, Simulation Time:    234.88 s
 Time Step:   26900, Simulation Time:    235.68 s
 Time Step:   27000, Simulation Time:    236.52 s
 Time Step:   27100, Simulation Time:    237.47 s
 Time Step:   27200, Simulation Time:    238.30 s
 Time Step:   27300, Simulation Time:    239.20 s
 Time Step:   27400, Simulation Time:    240.12 s
 Time Step:   27500, Simulation Time:    240.94 s
 Time Step:   27600, Simulation Time:    241.81 s
 Time Step:   27700, Simulation Time:    242.70 s
 Time Step:   27800, Simulation Time:    243.50 s
 Time Step:   27900, Simulation Time:    244.40 s
 Time Step:   28000, Simulation Time:    245.31 s
 Time Step:   28100, Simulation Time:    246.20 s
 Time Step:   28200, Simulation Time:    247.17 s
 Time Step:   28300, Simulation Time:    248.00 s
 Time Step:   28400, Simulation Time:    248.83 s
 Time Step:   28500, Simulation Time:    249.69 s
 Time Step:   28600, Simulation Time:    250.60 s
 Time Step:   28700, Simulation Time:    251.45 s
 Time Step:   28800, Simulation Time:    252.30 s
 Time Step:   28900, Simulation Time:    253.20 s
 Time Step:   29000, Simulation Time:    254.07 s
 Time Step:   29100, Simulation Time:    255.01 s
 Time Step:   29200, Simulation Time:    255.83 s
 Time Step:   29300, Simulation Time:    256.71 s
 Time Step:   29400, Simulation Time:    257.59 s
 Time Step:   29500, Simulation Time:    258.47 s
 Time Step:   29600, Simulation Time:    259.33 s
 Time Step:   29700, Simulation Time:    260.24 s
 Time Step:   29800, Simulation Time:    261.11 s
 Time Step:   29900, Simulation Time:    262.03 s
 Time Step:   30000, Simulation Time:    262.99 s
 Time Step:   30100, Simulation Time:    263.85 s
 Time Step:   30200, Simulation Time:    264.68 s
 Time Step:   30300, Simulation Time:    265.51 s
 Time Step:   30400, Simulation Time:    266.31 s
 Time Step:   30500, Simulation Time:    267.19 s
 Time Step:   30600, Simulation Time:    268.11 s
 Time Step:   30700, Simulation Time:    268.95 s
 Time Step:   30800, Simulation Time:    269.86 s
 Time Step:   30900, Simulation Time:    270.75 s
 Time Step:   31000, Simulation Time:    271.56 s
 Time Step:   31100, Simulation Time:    272.41 s
 Time Step:   31200, Simulation Time:    273.28 s
 Time Step:   31300, Simulation Time:    274.09 s
 Time Step:   31400, Simulation Time:    275.00 s
 Time Step:   31500, Simulation Time:    275.85 s
 Time Step:   31600, Simulation Time:    276.64 s
 Time Step:   31700, Simulation Time:    277.53 s
 Time Step:   31800, Simulation Time:    278.33 s
 Time Step:   31900, Simulation Time:    279.14 s
 Time Step:   32000, Simulation Time:    280.01 s
 Time Step:   32100, Simulation Time:    280.88 s
 Time Step:   32200, Simulation Time:    281.73 s
 Time Step:   32300, Simulation Time:    282.57 s
 Time Step:   32400, Simulation Time:    283.42 s
 Time Step:   32500, Simulation Time:    284.28 s
 Time Step:   32600, Simulation Time:    285.13 s
 Time Step:   32700, Simulation Time:    286.00 s
 Time Step:   32800, Simulation Time:    286.90 s
 Time Step:   32900, Simulation Time:    287.68 s
 Time Step:   33000, Simulation Time:    288.48 s
 Time Step:   33100, Simulation Time:    289.33 s
 Time Step:   33200, Simulation Time:    290.19 s
 Time Step:   33300, Simulation Time:    291.00 s
 Time Step:   33400, Simulation Time:    291.86 s
 Time Step:   33500, Simulation Time:    292.75 s
 Time Step:   33600, Simulation Time:    293.63 s
 Time Step:   33700, Simulation Time:    294.46 s
 Time Step:   33800, Simulation Time:    295.37 s
 Time Step:   33900, Simulation Time:    296.23 s
 Time Step:   34000, Simulation Time:    297.04 s
 Time Step:   34100, Simulation Time:    297.91 s
 Time Step:   34200, Simulation Time:    298.77 s
 Time Step:   34300, Simulation Time:    299.64 s
 Time Step:   34343, Simulation Time:    300.00 s

STOP: FDS completed successfully (CHID: gsB_m)
