
 Starting FDS ...

 MPI Process      0 started on sd06n03
 MPI Process     14 started on sd06n03
 MPI Process     16 started on sd06n03
 MPI Process     18 started on sd06n03
 MPI Process      2 started on sd06n03
 MPI Process      4 started on sd06n03
 MPI Process      6 started on sd06n03
 MPI Process      8 started on sd06n03
 MPI Process     10 started on sd06n03
 MPI Process     12 started on sd06n03
 MPI Process     20 started on sd06n03
 MPI Process      1 started on sd06n03
 MPI Process      3 started on sd06n03
 MPI Process      5 started on sd06n03
 MPI Process      7 started on sd06n03
 MPI Process      9 started on sd06n03
 MPI Process     11 started on sd06n03
 MPI Process     13 started on sd06n03
 MPI Process     15 started on sd06n03
 MPI Process     17 started on sd06n03
 MPI Process     19 started on sd06n03
 MPI Process     21 started on sd06n03

 Reading FDS input file ...


 Fire Dynamics Simulator

 Current Date     : July 29, 2026  22:47:35
 Revision         : FDS-6.9.1-0-g889da6a-release
 Revision Date    : Sun Apr 7 17:05:06 2024 -0400
 Compiler         : Intel(R) Fortran Intel(R) 64 Compiler Classic for applications running on Intel(R) 64, Version 2021.7.1 Build 20221019_000000
 Compilation Date : Apr 09, 2024 13:24:51

 Number of MPI Processes:  22

 MPI version: 3.1
 MPI library version: Intel(R) MPI Library 2021.6 for Linux* OS


 Job TITLE        : [grid_high_strong] 高功率强风 · 细网格(0.125m)
 Job ID string    : gsC_f

 Time Step:       1, Simulation Time:      0.09 s
 Time Step:       2, Simulation Time:      0.18 s
 Time Step:       3, Simulation Time:      0.27 s
 Time Step:       4, Simulation Time:      0.36 s
 Time Step:       5, Simulation Time:      0.45 s
 Time Step:       6, Simulation Time:      0.54 s
 Time Step:       7, Simulation Time:      0.62 s
 Time Step:       8, Simulation Time:      0.71 s
 Time Step:       9, Simulation Time:      0.80 s
 Time Step:      10, Simulation Time:      0.89 s
 Time Step:      20, Simulation Time:      1.38 s
 Time Step:      30, Simulation Time:      1.64 s
 Time Step:      40, Simulation Time:      1.85 s
 Time Step:      50, Simulation Time:      2.01 s
 Time Step:      60, Simulation Time:      2.16 s
 Time Step:      70, Simulation Time:      2.29 s
 Time Step:      80, Simulation Time:      2.41 s
 Time Step:      90, Simulation Time:      2.53 s
 Time Step:     100, Simulation Time:      2.64 s
 Time Step:     200, Simulation Time:      3.38 s
 Time Step:     300, Simulation Time:      3.90 s
 Time Step:     400, Simulation Time:      4.39 s
 Time Step:     500, Simulation Time:      4.79 s
 Time Step:     600, Simulation Time:      5.14 s
 Time Step:     700, Simulation Time:      5.54 s
 Time Step:     800, Simulation Time:      5.91 s
 Time Step:     900, Simulation Time:      6.22 s
 Time Step:    1000, Simulation Time:      6.57 s
 Time Step:    1100, Simulation Time:      7.00 s
 Time Step:    1200, Simulation Time:      7.39 s
 Time Step:    1300, Simulation Time:      7.77 s
 Time Step:    1400, Simulation Time:      8.19 s
 Time Step:    1500, Simulation Time:      8.56 s
 Time Step:    1600, Simulation Time:      8.92 s
 Time Step:    1700, Simulation Time:      9.27 s
 Time Step:    1800, Simulation Time:      9.64 s
 Time Step:    1900, Simulation Time:     10.01 s
 Time Step:    2000, Simulation Time:     10.40 s
 Time Step:    2100, Simulation Time:     10.80 s
 Time Step:    2200, Simulation Time:     11.17 s
 Time Step:    2300, Simulation Time:     11.55 s
 Time Step:    2400, Simulation Time:     11.95 s
 Time Step:    2500, Simulation Time:     12.32 s
 Time Step:    2600, Simulation Time:     12.69 s
 Time Step:    2700, Simulation Time:     13.11 s
 Time Step:    2800, Simulation Time:     13.49 s
 Time Step:    2900, Simulation Time:     13.87 s
 Time Step:    3000, Simulation Time:     14.24 s
 Time Step:    3100, Simulation Time:     14.64 s
 Time Step:    3200, Simulation Time:     15.02 s
 Time Step:    3300, Simulation Time:     15.40 s
 Time Step:    3400, Simulation Time:     15.79 s
 Time Step:    3500, Simulation Time:     16.17 s
 Time Step:    3600, Simulation Time:     16.55 s
 Time Step:    3700, Simulation Time:     16.94 s
 Time Step:    3800, Simulation Time:     17.31 s
 Time Step:    3900, Simulation Time:     17.75 s
 Time Step:    4000, Simulation Time:     18.15 s
 Time Step:    4100, Simulation Time:     18.54 s
 Time Step:    4200, Simulation Time:     18.93 s
 Time Step:    4300, Simulation Time:     19.32 s
 Time Step:    4400, Simulation Time:     19.72 s
 Time Step:    4500, Simulation Time:     20.12 s
 Time Step:    4600, Simulation Time:     20.49 s
 Time Step:    4700, Simulation Time:     20.87 s
 Time Step:    4800, Simulation Time:     21.24 s
 Time Step:    4900, Simulation Time:     21.61 s
 Time Step:    5000, Simulation Time:     21.98 s
 Time Step:    5100, Simulation Time:     22.35 s
 Time Step:    5200, Simulation Time:     22.72 s
 Time Step:    5300, Simulation Time:     23.11 s
 Time Step:    5400, Simulation Time:     23.48 s
 Time Step:    5500, Simulation Time:     23.83 s
 Time Step:    5600, Simulation Time:     24.19 s
 Time Step:    5700, Simulation Time:     24.55 s
 Time Step:    5800, Simulation Time:     24.93 s
 Time Step:    5900, Simulation Time:     25.30 s
 Time Step:    6000, Simulation Time:     25.66 s
 Time Step:    6100, Simulation Time:     26.01 s
 Time Step:    6200, Simulation Time:     26.37 s
 Time Step:    6300, Simulation Time:     26.70 s
 Time Step:    6400, Simulation Time:     27.08 s
 Time Step:    6500, Simulation Time:     27.47 s
 Time Step:    6600, Simulation Time:     27.83 s
 Time Step:    6700, Simulation Time:     28.20 s
 Time Step:    6800, Simulation Time:     28.54 s
 Time Step:    6900, Simulation Time:     28.89 s
 Time Step:    7000, Simulation Time:     29.23 s
 Time Step:    7100, Simulation Time:     29.57 s
 Time Step:    7200, Simulation Time:     29.91 s
 Time Step:    7300, Simulation Time:     30.25 s
 Time Step:    7400, Simulation Time:     30.59 s
 Time Step:    7500, Simulation Time:     30.97 s
 Time Step:    7600, Simulation Time:     31.30 s
 Time Step:    7700, Simulation Time:     31.66 s
 Time Step:    7800, Simulation Time:     32.00 s
 Time Step:    7900, Simulation Time:     32.34 s
 Time Step:    8000, Simulation Time:     32.67 s
 Time Step:    8100, Simulation Time:     33.05 s
 Time Step:    8200, Simulation Time:     33.40 s
 Time Step:    8300, Simulation Time:     33.74 s
 Time Step:    8400, Simulation Time:     34.09 s
 Time Step:    8500, Simulation Time:     34.45 s
 Time Step:    8600, Simulation Time:     34.79 s
 Time Step:    8700, Simulation Time:     35.11 s
 Time Step:    8800, Simulation Time:     35.48 s
 Time Step:    8900, Simulation Time:     35.80 s
 Time Step:    9000, Simulation Time:     36.14 s
 Time Step:    9100, Simulation Time:     36.46 s
 Time Step:    9200, Simulation Time:     36.78 s
 Time Step:    9300, Simulation Time:     37.14 s
 Time Step:    9400, Simulation Time:     37.46 s
 Time Step:    9500, Simulation Time:     37.81 s
 Time Step:    9600, Simulation Time:     38.17 s
 Time Step:    9700, Simulation Time:     38.53 s
 Time Step:    9800, Simulation Time:     38.91 s
 Time Step:    9900, Simulation Time:     39.23 s
 Time Step:   10000, Simulation Time:     39.57 s
 Time Step:   10100, Simulation Time:     39.93 s
 Time Step:   10200, Simulation Time:     40.26 s
 Time Step:   10300, Simulation Time:     40.63 s
 Time Step:   10400, Simulation Time:     40.93 s
 Time Step:   10500, Simulation Time:     41.27 s
 Time Step:   10600, Simulation Time:     41.60 s
 Time Step:   10700, Simulation Time:     41.95 s
 Time Step:   10800, Simulation Time:     42.29 s
 Time Step:   10900, Simulation Time:     42.63 s
 Time Step:   11000, Simulation Time:     42.95 s
 Time Step:   11100, Simulation Time:     43.28 s
 Time Step:   11200, Simulation Time:     43.63 s
 Time Step:   11300, Simulation Time:     43.96 s
 Time Step:   11400, Simulation Time:     44.34 s
 Time Step:   11500, Simulation Time:     44.67 s
 Time Step:   11600, Simulation Time:     45.04 s
 Time Step:   11700, Simulation Time:     45.38 s
 Time Step:   11800, Simulation Time:     45.71 s
 Time Step:   11900, Simulation Time:     46.01 s
 Time Step:   12000, Simulation Time:     46.33 s
 Time Step:   12100, Simulation Time:     46.67 s
 Time Step:   12200, Simulation Time:     47.00 s
 Time Step:   12300, Simulation Time:     47.35 s
 Time Step:   12400, Simulation Time:     47.68 s
 Time Step:   12500, Simulation Time:     48.02 s
 Time Step:   12600, Simulation Time:     48.38 s
 Time Step:   12700, Simulation Time:     48.77 s
 Time Step:   12800, Simulation Time:     49.10 s
 Time Step:   12900, Simulation Time:     49.46 s
 Time Step:   13000, Simulation Time:     49.80 s
 Time Step:   13100, Simulation Time:     50.14 s
 Time Step:   13200, Simulation Time:     50.48 s
 Time Step:   13300, Simulation Time:     50.82 s
 Time Step:   13400, Simulation Time:     51.17 s
 Time Step:   13500, Simulation Time:     51.48 s
 Time Step:   13600, Simulation Time:     51.87 s
 Time Step:   13700, Simulation Time:     52.20 s
 Time Step:   13800, Simulation Time:     52.57 s
 Time Step:   13900, Simulation Time:     52.93 s
 Time Step:   14000, Simulation Time:     53.29 s
 Time Step:   14100, Simulation Time:     53.61 s
 Time Step:   14200, Simulation Time:     53.93 s
 Time Step:   14300, Simulation Time:     54.26 s
 Time Step:   14400, Simulation Time:     54.61 s
 Time Step:   14500, Simulation Time:     54.96 s
 Time Step:   14600, Simulation Time:     55.30 s
 Time Step:   14700, Simulation Time:     55.65 s
 Time Step:   14800, Simulation Time:     55.99 s
 Time Step:   14900, Simulation Time:     56.34 s
 Time Step:   15000, Simulation Time:     56.66 s
 Time Step:   15100, Simulation Time:     57.00 s
 Time Step:   15200, Simulation Time:     57.26 s
 Time Step:   15300, Simulation Time:     57.60 s
 Time Step:   15400, Simulation Time:     57.93 s
 Time Step:   15500, Simulation Time:     58.30 s
 Time Step:   15600, Simulation Time:     58.67 s
 Time Step:   15700, Simulation Time:     59.04 s
 Time Step:   15800, Simulation Time:     59.39 s
 Time Step:   15900, Simulation Time:     59.72 s
 Time Step:   16000, Simulation Time:     60.03 s
 Time Step:   16100, Simulation Time:     60.34 s
 Time Step:   16200, Simulation Time:     60.70 s
 Time Step:   16300, Simulation Time:     61.05 s
 Time Step:   16400, Simulation Time:     61.44 s
 Time Step:   16500, Simulation Time:     61.79 s
 Time Step:   16600, Simulation Time:     62.16 s
 Time Step:   16700, Simulation Time:     62.48 s
 Time Step:   16800, Simulation Time:     62.83 s
 Time Step:   16900, Simulation Time:     63.14 s
 Time Step:   17000, Simulation Time:     63.50 s
 Time Step:   17100, Simulation Time:     63.86 s
 Time Step:   17200, Simulation Time:     64.27 s
 Time Step:   17300, Simulation Time:     64.63 s
 Time Step:   17400, Simulation Time:     64.99 s
 Time Step:   17500, Simulation Time:     65.34 s
 Time Step:   17600, Simulation Time:     65.72 s
 Time Step:   17700, Simulation Time:     66.09 s
 Time Step:   17800, Simulation Time:     66.44 s
 Time Step:   17900, Simulation Time:     66.79 s
 Time Step:   18000, Simulation Time:     67.17 s
 Time Step:   18100, Simulation Time:     67.56 s
 Time Step:   18200, Simulation Time:     67.94 s
 Time Step:   18300, Simulation Time:     68.30 s
 Time Step:   18400, Simulation Time:     68.60 s
 Time Step:   18500, Simulation Time:     68.99 s
 Time Step:   18600, Simulation Time:     69.35 s
 Time Step:   18700, Simulation Time:     69.78 s
 Time Step:   18800, Simulation Time:     70.10 s
 Time Step:   18900, Simulation Time:     70.46 s
 Time Step:   19000, Simulation Time:     70.78 s
 Time Step:   19100, Simulation Time:     71.13 s
 Time Step:   19200, Simulation Time:     71.51 s
 Time Step:   19300, Simulation Time:     71.92 s
 Time Step:   19400, Simulation Time:     72.31 s
 Time Step:   19500, Simulation Time:     72.73 s
 Time Step:   19600, Simulation Time:     73.10 s
 Time Step:   19700, Simulation Time:     73.48 s
 Time Step:   19800, Simulation Time:     73.85 s
 Time Step:   19900, Simulation Time:     74.24 s
 Time Step:   20000, Simulation Time:     74.63 s
 Time Step:   20100, Simulation Time:     74.99 s
 Time Step:   20200, Simulation Time:     75.36 s
 Time Step:   20300, Simulation Time:     75.75 s
 Time Step:   20400, Simulation Time:     76.14 s
 Time Step:   20500, Simulation Time:     76.51 s
 Time Step:   20600, Simulation Time:     76.89 s
 Time Step:   20700, Simulation Time:     77.24 s
 Time Step:   20800, Simulation Time:     77.62 s
 Time Step:   20900, Simulation Time:     77.99 s
 Time Step:   21000, Simulation Time:     78.39 s
 Time Step:   21100, Simulation Time:     78.76 s
 Time Step:   21200, Simulation Time:     79.15 s
 Time Step:   21300, Simulation Time:     79.46 s
 Time Step:   21400, Simulation Time:     79.85 s
 Time Step:   21500, Simulation Time:     80.22 s
 Time Step:   21600, Simulation Time:     80.60 s
 Time Step:   21700, Simulation Time:     80.92 s
 Time Step:   21800, Simulation Time:     81.29 s
 Time Step:   21900, Simulation Time:     81.67 s
 Time Step:   22000, Simulation Time:     82.07 s
 Time Step:   22100, Simulation Time:     82.42 s
 Time Step:   22200, Simulation Time:     82.79 s
 Time Step:   22300, Simulation Time:     83.14 s
 Time Step:   22400, Simulation Time:     83.50 s
 Time Step:   22500, Simulation Time:     83.85 s
 Time Step:   22600, Simulation Time:     84.19 s
 Time Step:   22700, Simulation Time:     84.58 s
 Time Step:   22800, Simulation Time:     84.95 s
 Time Step:   22900, Simulation Time:     85.32 s
 Time Step:   23000, Simulation Time:     85.67 s
 Time Step:   23100, Simulation Time:     86.06 s
 Time Step:   23200, Simulation Time:     86.39 s
 Time Step:   23300, Simulation Time:     86.77 s
 Time Step:   23400, Simulation Time:     87.11 s
 Time Step:   23500, Simulation Time:     87.49 s
 Time Step:   23600, Simulation Time:     87.88 s
 Time Step:   23700, Simulation Time:     88.25 s
 Time Step:   23800, Simulation Time:     88.61 s
 Time Step:   23900, Simulation Time:     88.94 s
 Time Step:   24000, Simulation Time:     89.33 s
 Time Step:   24100, Simulation Time:     89.69 s
 Time Step:   24200, Simulation Time:     90.10 s
 Time Step:   24300, Simulation Time:     90.45 s
 Time Step:   24400, Simulation Time:     90.85 s
 Time Step:   24500, Simulation Time:     91.18 s
 Time Step:   24600, Simulation Time:     91.55 s
 Time Step:   24700, Simulation Time:     91.90 s
 Time Step:   24800, Simulation Time:     92.31 s
 Time Step:   24900, Simulation Time:     92.64 s
 Time Step:   25000, Simulation Time:     93.02 s
 Time Step:   25100, Simulation Time:     93.35 s
 Time Step:   25200, Simulation Time:     93.70 s
 Time Step:   25300, Simulation Time:     94.02 s
 Time Step:   25400, Simulation Time:     94.38 s
 Time Step:   25500, Simulation Time:     94.74 s
 Time Step:   25600, Simulation Time:     95.12 s
 Time Step:   25700, Simulation Time:     95.49 s
 Time Step:   25800, Simulation Time:     95.85 s
 Time Step:   25900, Simulation Time:     96.21 s
 Time Step:   26000, Simulation Time:     96.56 s
 Time Step:   26100, Simulation Time:     96.90 s
 Time Step:   26200, Simulation Time:     97.23 s
 Time Step:   26300, Simulation Time:     97.63 s
 Time Step:   26400, Simulation Time:     97.97 s
 Time Step:   26500, Simulation Time:     98.32 s
 Time Step:   26600, Simulation Time:     98.64 s
 Time Step:   26700, Simulation Time:     99.01 s
 Time Step:   26800, Simulation Time:     99.35 s
 Time Step:   26900, Simulation Time:     99.73 s
 Time Step:   27000, Simulation Time:    100.05 s
 Time Step:   27100, Simulation Time:    100.39 s
 Time Step:   27200, Simulation Time:    100.72 s
 Time Step:   27300, Simulation Time:    101.07 s
 Time Step:   27400, Simulation Time:    101.43 s
 Time Step:   27500, Simulation Time:    101.78 s
 Time Step:   27600, Simulation Time:    102.13 s
 Time Step:   27700, Simulation Time:    102.47 s
 Time Step:   27800, Simulation Time:    102.84 s
 Time Step:   27900, Simulation Time:    103.19 s
 Time Step:   28000, Simulation Time:    103.55 s
 Time Step:   28100, Simulation Time:    103.89 s
 Time Step:   28200, Simulation Time:    104.26 s
 Time Step:   28300, Simulation Time:    104.54 s
 Time Step:   28400, Simulation Time:    104.86 s
 Time Step:   28500, Simulation Time:    105.19 s
 Time Step:   28600, Simulation Time:    105.53 s
 Time Step:   28700, Simulation Time:    105.90 s
 Time Step:   28800, Simulation Time:    106.25 s
 Time Step:   28900, Simulation Time:    106.60 s
 Time Step:   29000, Simulation Time:    106.95 s
 Time Step:   29100, Simulation Time:    107.32 s
 Time Step:   29200, Simulation Time:    107.68 s
 Time Step:   29300, Simulation Time:    108.02 s
 Time Step:   29400, Simulation Time:    108.39 s
 Time Step:   29500, Simulation Time:    108.72 s
 Time Step:   29600, Simulation Time:    109.07 s
 Time Step:   29700, Simulation Time:    109.42 s
 Time Step:   29800, Simulation Time:    109.80 s
 Time Step:   29900, Simulation Time:    110.14 s
 Time Step:   30000, Simulation Time:    110.47 s
 Time Step:   30100, Simulation Time:    110.82 s
 Time Step:   30200, Simulation Time:    111.19 s
 Time Step:   30300, Simulation Time:    111.54 s
 Time Step:   30400, Simulation Time:    111.90 s
 Time Step:   30500, Simulation Time:    112.24 s
 Time Step:   30600, Simulation Time:    112.57 s
 Time Step:   30700, Simulation Time:    112.91 s
 Time Step:   30800, Simulation Time:    113.20 s
 Time Step:   30900, Simulation Time:    113.56 s
 Time Step:   31000, Simulation Time:    113.87 s
 Time Step:   31100, Simulation Time:    114.25 s
 Time Step:   31200, Simulation Time:    114.58 s
 Time Step:   31300, Simulation Time:    114.95 s
 Time Step:   31400, Simulation Time:    115.29 s
 Time Step:   31500, Simulation Time:    115.66 s
 Time Step:   31600, Simulation Time:    115.97 s
 Time Step:   31700, Simulation Time:    116.30 s
 Time Step:   31800, Simulation Time:    116.65 s
 Time Step:   31900, Simulation Time:    117.00 s
 Time Step:   32000, Simulation Time:    117.36 s
 Time Step:   32100, Simulation Time:    117.69 s
 Time Step:   32200, Simulation Time:    118.06 s
 Time Step:   32300, Simulation Time:    118.40 s
 Time Step:   32400, Simulation Time:    118.76 s
 Time Step:   32500, Simulation Time:    119.12 s
 Time Step:   32600, Simulation Time:    119.48 s
 Time Step:   32700, Simulation Time:    119.86 s
 Time Step:   32800, Simulation Time:    120.20 s
 Time Step:   32900, Simulation Time:    120.56 s
 Time Step:   33000, Simulation Time:    120.92 s
 Time Step:   33100, Simulation Time:    121.30 s
 Time Step:   33200, Simulation Time:    121.63 s
 Time Step:   33300, Simulation Time:    121.97 s
 Time Step:   33400, Simulation Time:    122.33 s
 Time Step:   33500, Simulation Time:    122.68 s
 Time Step:   33600, Simulation Time:    123.06 s
 Time Step:   33700, Simulation Time:    123.39 s
 Time Step:   33800, Simulation Time:    123.76 s
 Time Step:   33900, Simulation Time:    124.10 s
 Time Step:   34000, Simulation Time:    124.48 s
 Time Step:   34100, Simulation Time:    124.81 s
 Time Step:   34200, Simulation Time:    125.15 s
 Time Step:   34300, Simulation Time:    125.43 s
 Time Step:   34400, Simulation Time:    125.75 s
 Time Step:   34500, Simulation Time:    126.11 s
 Time Step:   34600, Simulation Time:    126.45 s
 Time Step:   34700, Simulation Time:    126.82 s
 Time Step:   34800, Simulation Time:    127.17 s
 Time Step:   34900, Simulation Time:    127.52 s
 Time Step:   35000, Simulation Time:    127.86 s
 Time Step:   35100, Simulation Time:    128.19 s
 Time Step:   35200, Simulation Time:    128.53 s
 Time Step:   35300, Simulation Time:    128.87 s
 Time Step:   35400, Simulation Time:    129.24 s
 Time Step:   35500, Simulation Time:    129.59 s
 Time Step:   35600, Simulation Time:    129.93 s
 Time Step:   35700, Simulation Time:    130.25 s
 Time Step:   35800, Simulation Time:    130.62 s
 Time Step:   35900, Simulation Time:    130.94 s
 Time Step:   36000, Simulation Time:    131.28 s
 Time Step:   36100, Simulation Time:    131.60 s
 Time Step:   36200, Simulation Time:    131.97 s
 Time Step:   36300, Simulation Time:    132.32 s
 Time Step:   36400, Simulation Time:    132.69 s
 Time Step:   36500, Simulation Time:    133.05 s
 Time Step:   36600, Simulation Time:    133.41 s
 Time Step:   36700, Simulation Time:    133.78 s
 Time Step:   36800, Simulation Time:    134.13 s
 Time Step:   36900, Simulation Time:    134.52 s
 Time Step:   37000, Simulation Time:    134.86 s
 Time Step:   37100, Simulation Time:    135.22 s
 Time Step:   37200, Simulation Time:    135.55 s
 Time Step:   37300, Simulation Time:    135.90 s
 Time Step:   37400, Simulation Time:    136.25 s
 Time Step:   37500, Simulation Time:    136.63 s
 Time Step:   37600, Simulation Time:    137.01 s
 Time Step:   37700, Simulation Time:    137.37 s
 Time Step:   37800, Simulation Time:    137.73 s
 Time Step:   37900, Simulation Time:    138.11 s
 Time Step:   38000, Simulation Time:    138.48 s
 Time Step:   38100, Simulation Time:    138.85 s
 Time Step:   38200, Simulation Time:    139.18 s
 Time Step:   38300, Simulation Time:    139.55 s
 Time Step:   38400, Simulation Time:    139.91 s
 Time Step:   38500, Simulation Time:    140.29 s
 Time Step:   38600, Simulation Time:    140.64 s
 Time Step:   38700, Simulation Time:    141.03 s
 Time Step:   38800, Simulation Time:    141.39 s
 Time Step:   38900, Simulation Time:    141.75 s
 Time Step:   39000, Simulation Time:    142.10 s
 Time Step:   39100, Simulation Time:    142.47 s
 Time Step:   39200, Simulation Time:    142.81 s
 Time Step:   39300, Simulation Time:    143.17 s
 Time Step:   39400, Simulation Time:    143.51 s
 Time Step:   39500, Simulation Time:    143.85 s
 Time Step:   39600, Simulation Time:    144.18 s
 Time Step:   39700, Simulation Time:    144.50 s
 Time Step:   39800, Simulation Time:    144.85 s
 Time Step:   39900, Simulation Time:    145.17 s
 Time Step:   40000, Simulation Time:    145.53 s
 Time Step:   40100, Simulation Time:    145.88 s
 Time Step:   40200, Simulation Time:    146.23 s
 Time Step:   40300, Simulation Time:    146.60 s
 Time Step:   40400, Simulation Time:    146.95 s
 Time Step:   40500, Simulation Time:    147.31 s
 Time Step:   40600, Simulation Time:    147.65 s
 Time Step:   40700, Simulation Time:    148.00 s
 Time Step:   40800, Simulation Time:    148.33 s
 Time Step:   40900, Simulation Time:    148.71 s
 Time Step:   41000, Simulation Time:    149.05 s
 Time Step:   41100, Simulation Time:    149.40 s
 Time Step:   41200, Simulation Time:    149.74 s
 Time Step:   41300, Simulation Time:    150.08 s
 Time Step:   41400, Simulation Time:    150.48 s
 Time Step:   41500, Simulation Time:    150.86 s
 Time Step:   41600, Simulation Time:    151.23 s
 Time Step:   41700, Simulation Time:    151.61 s
 Time Step:   41800, Simulation Time:    151.98 s
 Time Step:   41900, Simulation Time:    152.36 s
 Time Step:   42000, Simulation Time:    152.73 s
 Time Step:   42100, Simulation Time:    153.09 s
 Time Step:   42200, Simulation Time:    153.45 s
 Time Step:   42300, Simulation Time:    153.84 s
 Time Step:   42400, Simulation Time:    154.20 s
 Time Step:   42500, Simulation Time:    154.56 s
 Time Step:   42600, Simulation Time:    154.91 s
 Time Step:   42700, Simulation Time:    155.27 s
 Time Step:   42800, Simulation Time:    155.60 s
 Time Step:   42900, Simulation Time:    155.95 s
 Time Step:   43000, Simulation Time:    156.31 s
 Time Step:   43100, Simulation Time:    156.64 s
 Time Step:   43200, Simulation Time:    157.00 s
 Time Step:   43300, Simulation Time:    157.36 s
 Time Step:   43400, Simulation Time:    157.73 s
 Time Step:   43500, Simulation Time:    158.07 s
 Time Step:   43600, Simulation Time:    158.39 s
 Time Step:   43700, Simulation Time:    158.73 s
 Time Step:   43800, Simulation Time:    159.07 s
 Time Step:   43900, Simulation Time:    159.43 s
 Time Step:   44000, Simulation Time:    159.77 s
 Time Step:   44100, Simulation Time:    160.14 s
 Time Step:   44200, Simulation Time:    160.51 s
 Time Step:   44300, Simulation Time:    160.90 s
 Time Step:   44400, Simulation Time:    161.22 s
 Time Step:   44500, Simulation Time:    161.55 s
 Time Step:   44600, Simulation Time:    161.89 s
 Time Step:   44700, Simulation Time:    162.23 s
 Time Step:   44800, Simulation Time:    162.59 s
 Time Step:   44900, Simulation Time:    162.93 s
 Time Step:   45000, Simulation Time:    163.30 s
 Time Step:   45100, Simulation Time:    163.65 s
 Time Step:   45200, Simulation Time:    163.99 s
 Time Step:   45300, Simulation Time:    164.33 s
 Time Step:   45400, Simulation Time:    164.69 s
 Time Step:   45500, Simulation Time:    165.06 s
 Time Step:   45600, Simulation Time:    165.41 s
 Time Step:   45700, Simulation Time:    165.80 s
 Time Step:   45800, Simulation Time:    166.15 s
 Time Step:   45900, Simulation Time:    166.53 s
 Time Step:   46000, Simulation Time:    166.86 s
 Time Step:   46100, Simulation Time:    167.23 s
 Time Step:   46200, Simulation Time:    167.60 s
 Time Step:   46300, Simulation Time:    167.96 s
 Time Step:   46400, Simulation Time:    168.32 s
 Time Step:   46500, Simulation Time:    168.69 s
 Time Step:   46600, Simulation Time:    169.08 s
 Time Step:   46700, Simulation Time:    169.44 s
 Time Step:   46800, Simulation Time:    169.81 s
 Time Step:   46900, Simulation Time:    170.16 s
 Time Step:   47000, Simulation Time:    170.50 s
 Time Step:   47100, Simulation Time:    170.83 s
 Time Step:   47200, Simulation Time:    171.15 s
 Time Step:   47300, Simulation Time:    171.49 s
 Time Step:   47400, Simulation Time:    171.84 s
 Time Step:   47500, Simulation Time:    172.23 s
 Time Step:   47600, Simulation Time:    172.61 s
 Time Step:   47700, Simulation Time:    173.00 s
 Time Step:   47800, Simulation Time:    173.35 s
 Time Step:   47900, Simulation Time:    173.73 s
 Time Step:   48000, Simulation Time:    174.11 s
 Time Step:   48100, Simulation Time:    174.47 s
 Time Step:   48200, Simulation Time:    174.81 s
 Time Step:   48300, Simulation Time:    175.14 s
 Time Step:   48400, Simulation Time:    175.52 s
 Time Step:   48500, Simulation Time:    175.87 s
 Time Step:   48600, Simulation Time:    176.25 s
 Time Step:   48700, Simulation Time:    176.61 s
 Time Step:   48800, Simulation Time:    176.97 s
 Time Step:   48900, Simulation Time:    177.29 s
 Time Step:   49000, Simulation Time:    177.62 s
 Time Step:   49100, Simulation Time:    177.98 s
 Time Step:   49200, Simulation Time:    178.32 s
 Time Step:   49300, Simulation Time:    178.69 s
 Time Step:   49400, Simulation Time:    179.03 s
 Time Step:   49500, Simulation Time:    179.37 s
 Time Step:   49600, Simulation Time:    179.71 s
 Time Step:   49700, Simulation Time:    180.04 s
 Time Step:   49800, Simulation Time:    180.41 s
 Time Step:   49900, Simulation Time:    180.74 s
 Time Step:   50000, Simulation Time:    181.11 s
 Time Step:   50100, Simulation Time:    181.48 s
 Time Step:   50200, Simulation Time:    181.86 s
 Time Step:   50300, Simulation Time:    182.20 s
 Time Step:   50400, Simulation Time:    182.57 s
 Time Step:   50500, Simulation Time:    182.91 s
 Time Step:   50600, Simulation Time:    183.28 s
 Time Step:   50700, Simulation Time:    183.58 s
 Time Step:   50800, Simulation Time:    183.92 s
 Time Step:   50900, Simulation Time:    184.25 s
 Time Step:   51000, Simulation Time:    184.59 s
 Time Step:   51100, Simulation Time:    184.94 s
 Time Step:   51200, Simulation Time:    185.29 s
 Time Step:   51300, Simulation Time:    185.63 s
 Time Step:   51400, Simulation Time:    185.98 s
 Time Step:   51500, Simulation Time:    186.33 s
 Time Step:   51600, Simulation Time:    186.69 s
 Time Step:   51700, Simulation Time:    187.04 s
 Time Step:   51800, Simulation Time:    187.42 s
 Time Step:   51900, Simulation Time:    187.78 s
 Time Step:   52000, Simulation Time:    188.12 s
 Time Step:   52100, Simulation Time:    188.43 s
 Time Step:   52200, Simulation Time:    188.79 s
 Time Step:   52300, Simulation Time:    189.15 s
 Time Step:   52400, Simulation Time:    189.48 s
 Time Step:   52500, Simulation Time:    189.81 s
 Time Step:   52600, Simulation Time:    190.13 s
 Time Step:   52700, Simulation Time:    190.47 s
 Time Step:   52800, Simulation Time:    190.81 s
 Time Step:   52900, Simulation Time:    191.21 s
 Time Step:   53000, Simulation Time:    191.56 s
 Time Step:   53100, Simulation Time:    191.90 s
 Time Step:   53200, Simulation Time:    192.28 s
 Time Step:   53300, Simulation Time:    192.64 s
 Time Step:   53400, Simulation Time:    192.99 s
 Time Step:   53500, Simulation Time:    193.33 s
 Time Step:   53600, Simulation Time:    193.69 s
 Time Step:   53700, Simulation Time:    194.06 s
 Time Step:   53800, Simulation Time:    194.45 s
 Time Step:   53900, Simulation Time:    194.84 s
 Time Step:   54000, Simulation Time:    195.19 s
 Time Step:   54100, Simulation Time:    195.56 s
 Time Step:   54200, Simulation Time:    195.88 s
 Time Step:   54300, Simulation Time:    196.24 s
 Time Step:   54400, Simulation Time:    196.57 s
 Time Step:   54500, Simulation Time:    196.91 s
 Time Step:   54600, Simulation Time:    197.24 s
 Time Step:   54700, Simulation Time:    197.59 s
 Time Step:   54800, Simulation Time:    197.98 s
 Time Step:   54900, Simulation Time:    198.34 s
 Time Step:   55000, Simulation Time:    198.70 s
 Time Step:   55100, Simulation Time:    199.05 s
 Time Step:   55200, Simulation Time:    199.44 s
 Time Step:   55300, Simulation Time:    199.81 s
 Time Step:   55400, Simulation Time:    200.15 s
 Time Step:   55500, Simulation Time:    200.50 s
 Time Step:   55600, Simulation Time:    200.87 s
 Time Step:   55700, Simulation Time:    201.25 s
 Time Step:   55800, Simulation Time:    201.64 s
 Time Step:   55900, Simulation Time:    202.01 s
 Time Step:   56000, Simulation Time:    202.36 s
 Time Step:   56100, Simulation Time:    202.74 s
 Time Step:   56200, Simulation Time:    203.12 s
 Time Step:   56300, Simulation Time:    203.49 s
 Time Step:   56400, Simulation Time:    203.86 s
 Time Step:   56500, Simulation Time:    204.21 s
 Time Step:   56600, Simulation Time:    204.58 s
 Time Step:   56700, Simulation Time:    204.93 s
 Time Step:   56800, Simulation Time:    205.29 s
 Time Step:   56900, Simulation Time:    205.62 s
 Time Step:   57000, Simulation Time:    205.96 s
 Time Step:   57100, Simulation Time:    206.30 s
 Time Step:   57200, Simulation Time:    206.69 s
 Time Step:   57300, Simulation Time:    207.03 s
 Time Step:   57400, Simulation Time:    207.38 s
 Time Step:   57500, Simulation Time:    207.73 s
 Time Step:   57600, Simulation Time:    208.06 s
 Time Step:   57700, Simulation Time:    208.44 s
 Time Step:   57800, Simulation Time:    208.80 s
 Time Step:   57900, Simulation Time:    209.19 s
 Time Step:   58000, Simulation Time:    209.54 s
 Time Step:   58100, Simulation Time:    209.87 s
 Time Step:   58200, Simulation Time:    210.24 s
 Time Step:   58300, Simulation Time:    210.62 s
 Time Step:   58400, Simulation Time:    210.99 s
 Time Step:   58500, Simulation Time:    211.31 s
 Time Step:   58600, Simulation Time:    211.65 s
 Time Step:   58700, Simulation Time:    212.00 s
 Time Step:   58800, Simulation Time:    212.35 s
 Time Step:   58900, Simulation Time:    212.73 s
 Time Step:   59000, Simulation Time:    213.07 s
 Time Step:   59100, Simulation Time:    213.38 s
 Time Step:   59200, Simulation Time:    213.73 s
 Time Step:   59300, Simulation Time:    214.07 s
 Time Step:   59400, Simulation Time:    214.41 s
 Time Step:   59500, Simulation Time:    214.74 s
 Time Step:   59600, Simulation Time:    215.11 s
 Time Step:   59700, Simulation Time:    215.46 s
 Time Step:   59800, Simulation Time:    215.82 s
 Time Step:   59900, Simulation Time:    216.17 s
 Time Step:   60000, Simulation Time:    216.50 s
 Time Step:   60100, Simulation Time:    216.84 s
 Time Step:   60200, Simulation Time:    217.16 s
 Time Step:   60300, Simulation Time:    217.49 s
 Time Step:   60400, Simulation Time:    217.82 s
 Time Step:   60500, Simulation Time:    218.17 s
 Time Step:   60600, Simulation Time:    218.51 s
 Time Step:   60700, Simulation Time:    218.84 s
 Time Step:   60800, Simulation Time:    219.19 s
 Time Step:   60900, Simulation Time:    219.54 s
 Time Step:   61000, Simulation Time:    219.87 s
 Time Step:   61100, Simulation Time:    220.21 s
 Time Step:   61200, Simulation Time:    220.53 s
 Time Step:   61300, Simulation Time:    220.85 s
 Time Step:   61400, Simulation Time:    221.19 s
 Time Step:   61500, Simulation Time:    221.52 s
 Time Step:   61600, Simulation Time:    221.87 s
 Time Step:   61700, Simulation Time:    222.24 s
 Time Step:   61800, Simulation Time:    222.57 s
 Time Step:   61900, Simulation Time:    222.93 s
 Time Step:   62000, Simulation Time:    223.26 s
 Time Step:   62100, Simulation Time:    223.60 s
 Time Step:   62200, Simulation Time:    223.95 s
 Time Step:   62300, Simulation Time:    224.28 s
 Time Step:   62400, Simulation Time:    224.63 s
 Time Step:   62500, Simulation Time:    224.99 s
 Time Step:   62600, Simulation Time:    225.32 s
 Time Step:   62700, Simulation Time:    225.66 s
 Time Step:   62800, Simulation Time:    226.01 s
 Time Step:   62900, Simulation Time:    226.34 s
 Time Step:   63000, Simulation Time:    226.64 s
 Time Step:   63100, Simulation Time:    226.99 s
 Time Step:   63200, Simulation Time:    227.30 s
 Time Step:   63300, Simulation Time:    227.63 s
 Time Step:   63400, Simulation Time:    227.96 s
 Time Step:   63500, Simulation Time:    228.30 s
 Time Step:   63600, Simulation Time:    228.60 s
 Time Step:   63700, Simulation Time:    228.95 s
 Time Step:   63800, Simulation Time:    229.25 s
 Time Step:   63900, Simulation Time:    229.58 s
 Time Step:   64000, Simulation Time:    229.93 s
 Time Step:   64100, Simulation Time:    230.28 s
 Time Step:   64200, Simulation Time:    230.63 s
 Time Step:   64300, Simulation Time:    230.99 s
 Time Step:   64400, Simulation Time:    231.35 s
 Time Step:   64500, Simulation Time:    231.67 s
 Time Step:   64600, Simulation Time:    232.04 s
 Time Step:   64700, Simulation Time:    232.38 s
 Time Step:   64800, Simulation Time:    232.76 s
 Time Step:   64900, Simulation Time:    233.11 s
 Time Step:   65000, Simulation Time:    233.48 s
 Time Step:   65100, Simulation Time:    233.83 s
 Time Step:   65200, Simulation Time:    234.19 s
 Time Step:   65300, Simulation Time:    234.56 s
 Time Step:   65400, Simulation Time:    234.93 s
 Time Step:   65500, Simulation Time:    235.30 s
 Time Step:   65600, Simulation Time:    235.68 s
 Time Step:   65700, Simulation Time:    236.02 s
 Time Step:   65800, Simulation Time:    236.36 s
 Time Step:   65900, Simulation Time:    236.72 s
 Time Step:   66000, Simulation Time:    237.04 s
 Time Step:   66100, Simulation Time:    237.38 s
 Time Step:   66200, Simulation Time:    237.72 s
 Time Step:   66300, Simulation Time:    238.09 s
 Time Step:   66400, Simulation Time:    238.44 s
 Time Step:   66500, Simulation Time:    238.84 s
 Time Step:   66600, Simulation Time:    239.20 s
 Time Step:   66700, Simulation Time:    239.55 s
 Time Step:   66800, Simulation Time:    239.90 s
 Time Step:   66900, Simulation Time:    240.25 s
 Time Step:   67000, Simulation Time:    240.59 s
 Time Step:   67100, Simulation Time:    240.93 s
 Time Step:   67200, Simulation Time:    241.28 s
 Time Step:   67300, Simulation Time:    241.63 s
 Time Step:   67400, Simulation Time:    242.01 s
 Time Step:   67500, Simulation Time:    242.38 s
 Time Step:   67600, Simulation Time:    242.74 s
 Time Step:   67700, Simulation Time:    243.11 s
 Time Step:   67800, Simulation Time:    243.47 s
 Time Step:   67900, Simulation Time:    243.84 s
 Time Step:   68000, Simulation Time:    244.19 s
 Time Step:   68100, Simulation Time:    244.55 s
 Time Step:   68200, Simulation Time:    244.91 s
 Time Step:   68300, Simulation Time:    245.31 s
 Time Step:   68400, Simulation Time:    245.67 s
 Time Step:   68500, Simulation Time:    246.07 s
 Time Step:   68600, Simulation Time:    246.43 s
 Time Step:   68700, Simulation Time:    246.80 s
 Time Step:   68800, Simulation Time:    247.16 s
 Time Step:   68900, Simulation Time:    247.51 s
 Time Step:   69000, Simulation Time:    247.88 s
 Time Step:   69100, Simulation Time:    248.26 s
 Time Step:   69200, Simulation Time:    248.68 s
 Time Step:   69300, Simulation Time:    249.02 s
 Time Step:   69400, Simulation Time:    249.36 s
 Time Step:   69500, Simulation Time:    249.71 s
 Time Step:   69600, Simulation Time:    250.05 s
 Time Step:   69700, Simulation Time:    250.43 s
 Time Step:   69800, Simulation Time:    250.81 s
 Time Step:   69900, Simulation Time:    251.17 s
 Time Step:   70000, Simulation Time:    251.50 s
 Time Step:   70100, Simulation Time:    251.83 s
 Time Step:   70200, Simulation Time:    252.16 s
 Time Step:   70300, Simulation Time:    252.49 s
 Time Step:   70400, Simulation Time:    252.83 s
 Time Step:   70500, Simulation Time:    253.17 s
 Time Step:   70600, Simulation Time:    253.52 s
 Time Step:   70700, Simulation Time:    253.88 s
 Time Step:   70800, Simulation Time:    254.26 s
 Time Step:   70900, Simulation Time:    254.60 s
 Time Step:   71000, Simulation Time:    254.96 s
 Time Step:   71100, Simulation Time:    255.31 s
 Time Step:   71200, Simulation Time:    255.70 s
 Time Step:   71300, Simulation Time:    256.05 s
 Time Step:   71400, Simulation Time:    256.41 s
 Time Step:   71500, Simulation Time:    256.74 s
 Time Step:   71600, Simulation Time:    257.07 s
 Time Step:   71700, Simulation Time:    257.44 s
 Time Step:   71800, Simulation Time:    257.78 s
 Time Step:   71900, Simulation Time:    258.14 s
 Time Step:   72000, Simulation Time:    258.48 s
 Time Step:   72100, Simulation Time:    258.85 s
 Time Step:   72200, Simulation Time:    259.20 s
 Time Step:   72300, Simulation Time:    259.56 s
 Time Step:   72400, Simulation Time:    259.90 s
 Time Step:   72500, Simulation Time:    260.25 s
 Time Step:   72600, Simulation Time:    260.59 s
 Time Step:   72700, Simulation Time:    260.91 s
 Time Step:   72800, Simulation Time:    261.24 s
 Time Step:   72900, Simulation Time:    261.56 s
 Time Step:   73000, Simulation Time:    261.91 s
 Time Step:   73100, Simulation Time:    262.24 s
 Time Step:   73200, Simulation Time:    262.58 s
 Time Step:   73300, Simulation Time:    262.91 s
 Time Step:   73400, Simulation Time:    263.28 s
 Time Step:   73500, Simulation Time:    263.64 s
 Time Step:   73600, Simulation Time:    263.97 s
 Time Step:   73700, Simulation Time:    264.32 s
 Time Step:   73800, Simulation Time:    264.65 s
 Time Step:   73900, Simulation Time:    264.99 s
 Time Step:   74000, Simulation Time:    265.32 s
 Time Step:   74100, Simulation Time:    265.68 s
 Time Step:   74200, Simulation Time:    266.05 s
 Time Step:   74300, Simulation Time:    266.42 s
 Time Step:   74400, Simulation Time:    266.79 s
 Time Step:   74500, Simulation Time:    267.13 s
 Time Step:   74600, Simulation Time:    267.48 s
 Time Step:   74700, Simulation Time:    267.85 s
 Time Step:   74800, Simulation Time:    268.22 s
 Time Step:   74900, Simulation Time:    268.58 s
 Time Step:   75000, Simulation Time:    268.95 s
 Time Step:   75100, Simulation Time:    269.33 s
 Time Step:   75200, Simulation Time:    269.67 s
 Time Step:   75300, Simulation Time:    270.01 s
 Time Step:   75400, Simulation Time:    270.35 s
 Time Step:   75500, Simulation Time:    270.72 s
 Time Step:   75600, Simulation Time:    271.07 s
 Time Step:   75700, Simulation Time:    271.42 s
 Time Step:   75800, Simulation Time:    271.76 s
 Time Step:   75900, Simulation Time:    272.13 s
 Time Step:   76000, Simulation Time:    272.51 s
 Time Step:   76100, Simulation Time:    272.86 s
 Time Step:   76200, Simulation Time:    273.22 s
 Time Step:   76300, Simulation Time:    273.58 s
 Time Step:   76400, Simulation Time:    273.97 s
 Time Step:   76500, Simulation Time:    274.29 s
 Time Step:   76600, Simulation Time:    274.66 s
 Time Step:   76700, Simulation Time:    275.00 s
 Time Step:   76800, Simulation Time:    275.33 s
 Time Step:   76900, Simulation Time:    275.65 s
 Time Step:   77000, Simulation Time:    275.99 s
 Time Step:   77100, Simulation Time:    276.36 s
 Time Step:   77200, Simulation Time:    276.72 s
 Time Step:   77300, Simulation Time:    277.07 s
 Time Step:   77400, Simulation Time:    277.44 s
 Time Step:   77500, Simulation Time:    277.81 s
 Time Step:   77600, Simulation Time:    278.16 s
 Time Step:   77700, Simulation Time:    278.52 s
 Time Step:   77800, Simulation Time:    278.88 s
 Time Step:   77900, Simulation Time:    279.24 s
 Time Step:   78000, Simulation Time:    279.58 s
 Time Step:   78100, Simulation Time:    279.95 s
 Time Step:   78200, Simulation Time:    280.28 s
 Time Step:   78300, Simulation Time:    280.65 s
 Time Step:   78400, Simulation Time:    280.98 s
 Time Step:   78500, Simulation Time:    281.32 s
 Time Step:   78600, Simulation Time:    281.66 s
 Time Step:   78700, Simulation Time:    282.01 s
 Time Step:   78800, Simulation Time:    282.35 s
 Time Step:   78900, Simulation Time:    282.71 s
 Time Step:   79000, Simulation Time:    283.11 s
 Time Step:   79100, Simulation Time:    283.45 s
 Time Step:   79200, Simulation Time:    283.83 s
 Time Step:   79300, Simulation Time:    284.20 s
 Time Step:   79400, Simulation Time:    284.59 s
 Time Step:   79500, Simulation Time:    284.96 s
 Time Step:   79600, Simulation Time:    285.33 s
 Time Step:   79700, Simulation Time:    285.68 s
 Time Step:   79800, Simulation Time:    286.05 s
 Time Step:   79900, Simulation Time:    286.39 s
 Time Step:   80000, Simulation Time:    286.75 s
 Time Step:   80100, Simulation Time:    287.07 s
 Time Step:   80200, Simulation Time:    287.42 s
 Time Step:   80300, Simulation Time:    287.78 s
 Time Step:   80400, Simulation Time:    288.15 s
 Time Step:   80500, Simulation Time:    288.50 s
 Time Step:   80600, Simulation Time:    288.87 s
 Time Step:   80700, Simulation Time:    289.21 s
 Time Step:   80800, Simulation Time:    289.53 s
 Time Step:   80900, Simulation Time:    289.89 s
 Time Step:   81000, Simulation Time:    290.24 s
 Time Step:   81100, Simulation Time:    290.60 s
 Time Step:   81200, Simulation Time:    290.94 s
 Time Step:   81300, Simulation Time:    291.28 s
 Time Step:   81400, Simulation Time:    291.64 s
 Time Step:   81500, Simulation Time:    292.01 s
 Time Step:   81600, Simulation Time:    292.35 s
 Time Step:   81700, Simulation Time:    292.66 s
 Time Step:   81800, Simulation Time:    293.01 s
 Time Step:   81900, Simulation Time:    293.36 s
 Time Step:   82000, Simulation Time:    293.71 s
 Time Step:   82100, Simulation Time:    294.07 s
 Time Step:   82200, Simulation Time:    294.43 s
 Time Step:   82300, Simulation Time:    294.81 s
 Time Step:   82400, Simulation Time:    295.14 s
 Time Step:   82500, Simulation Time:    295.53 s
 Time Step:   82600, Simulation Time:    295.88 s
 Time Step:   82700, Simulation Time:    296.26 s
 Time Step:   82800, Simulation Time:    296.62 s
 Time Step:   82900, Simulation Time:    296.98 s
 Time Step:   83000, Simulation Time:    297.33 s
 Time Step:   83100, Simulation Time:    297.68 s
 Time Step:   83200, Simulation Time:    298.07 s
 Time Step:   83300, Simulation Time:    298.43 s
 Time Step:   83400, Simulation Time:    298.80 s
 Time Step:   83500, Simulation Time:    299.14 s
 Time Step:   83600, Simulation Time:    299.51 s
 Time Step:   83700, Simulation Time:    299.88 s
 Time Step:   83733, Simulation Time:    300.00 s

STOP: FDS completed successfully (CHID: gsC_f)
